                                                          T4utgIgXMpwn8t9OfrSyDvFG6Taddgih8cdOB9p/AstG/6GRcO+ioHJDvAgux6TcDO4pWOBadEkU
                                                          0sCCrXbcJ65nyID+6iLe8694DzvcvNdThaH7hl1KNCCVbuf4B04i09AhDGsUT8HP7J6O1fdGeiBe
                                                          0Y3xz6NeG/OfLfT9inKh92Ez6/s00TLsUYemFcsQo5QV6RVLcMzDO3LYwwN9JM34Cc8eSGIeQa1M
                                                          GpCZxpXG2k5hM2OB44Dagd0f/dnKydCm1Lc3x6KJ8ROyhkwCdGRMDhD2eac=
05-23 12:10:28.975 8608-8647/? E/art: Thread attaching while runtime is shutting down: Binder_1
05-23 12:10:28.975 8608-8647/? I/AndroidRuntime: NOTE: attach of thread 'Binder_1' failed
05-23 12:10:28.994 489-517/? I/DisplayManagerService: Display device changed state: "Built-in Screen", DOZE_SUSPEND
05-23 12:10:29.001 171-171/? D/SurfaceFlinger: Set power mode=3, type=0 flinger=0xb6a64000
05-23 12:10:29.001 171-249/? I/qdhwcomposer: handle_blank_event: dpy:0 panel power state: 2
05-23 12:10:29.013 8615-8615/? W/ContextImpl: Calling a method in the system process without a qualified user: android.app.ContextImpl.startService:1221 android.content.ContextWrapper.startService:581 android.content.ContextWrapper.startService:581 com.android.keychain.KeyChainBroadcastReceiver.onReceive:12 android.app.ActivityThread.handleReceiver:2725
05-23 12:10:29.059 489-1132/? I/BroadcastQueue: Delay finish: com.android.keychain/.KeyChainBroadcastReceiver
05-23 12:10:29.172 489-3789/? I/BroadcastQueue: Resuming delayed broadcast
05-23 12:10:29.207 3792-3792/? E/NetworkScheduler.SR: Invalid parameter app
05-23 12:10:29.207 3792-3792/? E/NetworkScheduler.SR: Invalid package name : Perhaps you didn't include a PendingIntent in the extras?
05-23 12:10:29.302 3341-3855/? I/art: Waiting for a blocking GC DisableMovingGc
05-23 12:10:29.303 3341-3350/? I/art: CollectorTransition marksweep + semispace GC freed 149(-58KB) AllocSpace objects, 0(0B) LOS objects, 24% free, 3MB/5MB, paused 36.541ms total 36.541ms
05-23 12:10:29.303 3341-3855/? I/art: Starting a blocking GC DisableMovingGc
05-23 12:10:29.360 489-510/? I/BroadcastQueue: Delay finish: com.android.vending/com.google.android.finsky.PackageUpdateReceiver
05-23 12:10:29.530 7721-8652/? I/Finsky: [245] com.google.android.finsky.services.WearablePackageService.onHandleIntent: Updating package info (com.example.android.sunshine.app)
05-23 12:10:29.630 3809-8653/? D/WearableController: Received broadcast action=android.intent.action.PACKAGE_REMOVED and uri=com.example.android.sunshine.app
05-23 12:10:29.670 1303-1332/? D/bt_btm_pm: btm_pm_snd_md_req switching from SNIFF to ACTIVE.
05-23 12:10:29.694 7721-7746/? I/art: Waiting for a blocking GC DisableMovingGc
05-23 12:10:29.696 7721-7730/? I/art: CollectorTransition marksweep + semispace GC freed 879(-9KB) AllocSpace objects, 0(0B) LOS objects, 25% free, 4MB/5MB, paused 33.681ms total 33.681ms
05-23 12:10:29.696 7721-7746/? I/art: Starting a blocking GC DisableMovingGc
05-23 12:10:29.699 489-1662/? I/BroadcastQueue: Resuming delayed broadcast
05-23 12:10:29.743 3809-8653/? D/WearableController: Received broadcast action=android.intent.action.PACKAGE_ADDED and uri=com.example.android.sunshine.app
05-23 12:10:29.758 3792-3792/? E/NetworkScheduler.SR: Invalid parameter app
05-23 12:10:29.759 3792-3792/? E/NetworkScheduler.SR: Invalid package name : Perhaps you didn't include a PendingIntent in the extras?
05-23 12:10:29.826 1303-1332/? D/bt_btm_pm: btm_pm_proc_mode_change switched from UNKNOWN to ACTIVE.
05-23 12:10:32.522 1303-1332/? D/bt_btm_pm: btm_pm_snd_md_req switching from ACTIVE to SNIFF.
05-23 12:10:32.556 1303-1332/? D/bt_btm_pm: btm_pm_proc_mode_change switched from UNKNOWN to SNIFF.
05-23 12:10:36.894 489-510/? I/ActivityManager: Killing 8438:com.google.android.deskclock/u0a24 (adj 15): empty for 2000s
05-23 12:11:00.003 1151-1151/? I/AmbientService: Ambient Updating
05-23 12:11:00.027 489-517/? I/DisplayManagerService: Display device changed state: "Built-in Screen", DOZE
05-23 12:11:00.031 171-171/? D/SurfaceFlinger: Set power mode=1, type=0 flinger=0xb6a64000
05-23 12:11:00.032 171-249/? I/qdhwcomposer: handle_blank_event: dpy:0 panel power state: 2
05-23 12:11:00.147 489-517/? I/DisplayManagerService: Display device changed state: "Built-in Screen", DOZE_SUSPEND
05-23 12:11:00.152 171-171/? D/SurfaceFlinger: Set power mode=3, type=0 flinger=0xb6a64000
05-23 12:11:00.152 171-249/? I/qdhwcomposer: handle_blank_event: dpy:0 panel power state: 2
